Archive member included to satisfy reference by file (symbol)

E:/stm32cubeide/STM32CubeIDE_1.16.0/STM32CubeIDE/plugins/com.st.stm32cube.ide.mcu.externaltools.gnu-tools-for-stm32.12.3.rel1.win32_1.0.200.202406191623/tools/bin/../lib/gcc/arm-none-eabi/12.3.1/../../../../arm-none-eabi/lib/thumb/v7-m/nofp\libc_nano.a(libc_a-exit.o)
                              E:/stm32cubeide/STM32CubeIDE_1.16.0/STM32CubeIDE/plugins/com.st.stm32cube.ide.mcu.externaltools.gnu-tools-for-stm32.12.3.rel1.win32_1.0.200.202406191623/tools/bin/../lib/gcc/arm-none-eabi/12.3.1/../../../../arm-none-eabi/lib/thumb/v7-m/nofp/crt0.o (exit)
E:/stm32cubeide/STM32CubeIDE_1.16.0/STM32CubeIDE/plugins/com.st.stm32cube.ide.mcu.externaltools.gnu-tools-for-stm32.12.3.rel1.win32_1.0.200.202406191623/tools/bin/../lib/gcc/arm-none-eabi/12.3.1/../../../../arm-none-eabi/lib/thumb/v7-m/nofp\libc_nano.a(libc_a-findfp.o)
                              E:/stm32cubeide/STM32CubeIDE_1.16.0/STM32CubeIDE/plugins/com.st.stm32cube.ide.mcu.externaltools.gnu-tools-for-stm32.12.3.rel1.win32_1.0.200.202406191623/tools/bin/../lib/gcc/arm-none-eabi/12.3.1/../../../../arm-none-eabi/lib/thumb/v7-m/nofp\libc_nano.a(libc_a-exit.o) (__stdio_exit_handler)
E:/stm32cubeide/STM32CubeIDE_1.16.0/STM32CubeIDE/plugins/com.st.stm32cube.ide.mcu.externaltools.gnu-tools-for-stm32.12.3.rel1.win32_1.0.200.202406191623/tools/bin/../lib/gcc/arm-none-eabi/12.3.1/../../../../arm-none-eabi/lib/thumb/v7-m/nofp\libc_nano.a(libc_a-fwalk.o)
                              E:/stm32cubeide/STM32CubeIDE_1.16.0/STM32CubeIDE/plugins/com.st.stm32cube.ide.mcu.externaltools.gnu-tools-for-stm32.12.3.rel1.win32_1.0.200.202406191623/tools/bin/../lib/gcc/arm-none-eabi/12.3.1/../../../../arm-none-eabi/lib/thumb/v7-m/nofp\libc_nano.a(libc_a-findfp.o) (_fwalk_sglue)
E:/stm32cubeide/STM32CubeIDE_1.16.0/STM32CubeIDE/plugins/com.st.stm32cube.ide.mcu.externaltools.gnu-tools-for-stm32.12.3.rel1.win32_1.0.200.202406191623/tools/bin/../lib/gcc/arm-none-eabi/12.3.1/../../../../arm-none-eabi/lib/thumb/v7-m/nofp\libc_nano.a(libc_a-stdio.o)
                              E:/stm32cubeide/STM32CubeIDE_1.16.0/STM32CubeIDE/plugins/com.st.stm32cube.ide.mcu.externaltools.gnu-tools-for-stm32.12.3.rel1.win32_1.0.200.202406191623/tools/bin/../lib/gcc/arm-none-eabi/12.3.1/../../../../arm-none-eabi/lib/thumb/v7-m/nofp\libc_nano.a(libc_a-findfp.o) (__sread)
E:/stm32cubeide/STM32CubeIDE_1.16.0/STM32CubeIDE/plugins/com.st.stm32cube.ide.mcu.externaltools.gnu-tools-for-stm32.12.3.rel1.win32_1.0.200.202406191623/tools/bin/../lib/gcc/arm-none-eabi/12.3.1/../../../../arm-none-eabi/lib/thumb/v7-m/nofp\libc_nano.a(libc_a-memset.o)
                              E:/stm32cubeide/STM32CubeIDE_1.16.0/STM32CubeIDE/plugins/com.st.stm32cube.ide.mcu.externaltools.gnu-tools-for-stm32.12.3.rel1.win32_1.0.200.202406191623/tools/bin/../lib/gcc/arm-none-eabi/12.3.1/../../../../arm-none-eabi/lib/thumb/v7-m/nofp/crt0.o (memset)
E:/stm32cubeide/STM32CubeIDE_1.16.0/STM32CubeIDE/plugins/com.st.stm32cube.ide.mcu.externaltools.gnu-tools-for-stm32.12.3.rel1.win32_1.0.200.202406191623/tools/bin/../lib/gcc/arm-none-eabi/12.3.1/../../../../arm-none-eabi/lib/thumb/v7-m/nofp\libc_nano.a(libc_a-closer.o)
                              E:/stm32cubeide/STM32CubeIDE_1.16.0/STM32CubeIDE/plugins/com.st.stm32cube.ide.mcu.externaltools.gnu-tools-for-stm32.12.3.rel1.win32_1.0.200.202406191623/tools/bin/../lib/gcc/arm-none-eabi/12.3.1/../../../../arm-none-eabi/lib/thumb/v7-m/nofp\libc_nano.a(libc_a-stdio.o) (_close_r)
E:/stm32cubeide/STM32CubeIDE_1.16.0/STM32CubeIDE/plugins/com.st.stm32cube.ide.mcu.externaltools.gnu-tools-for-stm32.12.3.rel1.win32_1.0.200.202406191623/tools/bin/../lib/gcc/arm-none-eabi/12.3.1/../../../../arm-none-eabi/lib/thumb/v7-m/nofp\libc_nano.a(libc_a-reent.o)
                              E:/stm32cubeide/STM32CubeIDE_1.16.0/STM32CubeIDE/plugins/com.st.stm32cube.ide.mcu.externaltools.gnu-tools-for-stm32.12.3.rel1.win32_1.0.200.202406191623/tools/bin/../lib/gcc/arm-none-eabi/12.3.1/../../../../arm-none-eabi/lib/thumb/v7-m/nofp\libc_nano.a(libc_a-closer.o) (errno)
E:/stm32cubeide/STM32CubeIDE_1.16.0/STM32CubeIDE/plugins/com.st.stm32cube.ide.mcu.externaltools.gnu-tools-for-stm32.12.3.rel1.win32_1.0.200.202406191623/tools/bin/../lib/gcc/arm-none-eabi/12.3.1/../../../../arm-none-eabi/lib/thumb/v7-m/nofp\libc_nano.a(libc_a-impure.o)
                              E:/stm32cubeide/STM32CubeIDE_1.16.0/STM32CubeIDE/plugins/com.st.stm32cube.ide.mcu.externaltools.gnu-tools-for-stm32.12.3.rel1.win32_1.0.200.202406191623/tools/bin/../lib/gcc/arm-none-eabi/12.3.1/../../../../arm-none-eabi/lib/thumb/v7-m/nofp\libc_nano.a(libc_a-reent.o) (_impure_ptr)
E:/stm32cubeide/STM32CubeIDE_1.16.0/STM32CubeIDE/plugins/com.st.stm32cube.ide.mcu.externaltools.gnu-tools-for-stm32.12.3.rel1.win32_1.0.200.202406191623/tools/bin/../lib/gcc/arm-none-eabi/12.3.1/../../../../arm-none-eabi/lib/thumb/v7-m/nofp\libc_nano.a(libc_a-lseekr.o)
[...]
Memory Configuration

Name             Origin             Length             Attributes
RAM              0x20000000         0x00001000         xrw
FLASH            0x08000000         0x00008000         xr
*default*        0x00000000         0xffffffff

Linker script and memory map

LOAD E:/stm32cubeide/STM32CubeIDE_1.16.0/STM32CubeIDE/plugins/com.st.stm32cube.ide.mcu.externaltools.gnu-tools-for-stm32.12.3.rel1.win32_1.0.200.202406191623/tools/bin/../lib/gcc/arm-none-eabi/12.3.1/thumb/v7-m/nofp/crti.o
LOAD E:/stm32cubeide/STM32CubeIDE_1.16.0/STM32CubeIDE/plugins/com.st.stm32cube.ide.mcu.externaltools.gnu-tools-for-stm32.12.3.rel1.win32_1.0.200.202406191623/tools/bin/../lib/gcc/arm-none-eabi/12.3.1/thumb/v7-m/nofp/crtbegin.o
LOAD E:/stm32cubeide/STM32CubeIDE_1.16.0/STM32CubeIDE/plugins/com.st.stm32cube.ide.mcu.externaltools.gnu-tools-for-stm32.12.3.rel1.win32_1.0.200.202406191623/tools/bin/../lib/gcc/arm-none-eabi/12.3.1/../../../../arm-none-eabi/lib/thumb/v7-m/nofp/crt0.o
LOAD ./Core/Src/Lab1.o
LOAD ./Core/Src/main.o
LOAD ./Core/Src/software_timer.o
LOAD ./Core/Src/stm32f1xx_hal_msp.o
LOAD ./Core/Src/stm32f1xx_it.o
LOAD ./Core/Src/syscalls.o
LOAD ./Core/Src/sysmem.o
LOAD ./Core/Src/system_stm32f1xx.o
LOAD ./Core/Startup/startup_stm32f100c6tx.o
LOAD ./Drivers/STM32F1xx_HAL_Driver/Src/stm32f1xx_hal.o
LOAD ./Drivers/STM32F1xx_HAL_Driver/Src/stm32f1xx_hal_cortex.o
LOAD ./Drivers/STM32F1xx_HAL_Driver/Src/stm32f1xx_hal_dma.o
LOAD ./Drivers/STM32F1xx_HAL_Driver/Src/stm32f1xx_hal_exti.o
LOAD ./Drivers/STM32F1xx_HAL_Driver/Src/stm32f1xx_hal_flash.o
LOAD ./Drivers/STM32F1xx_HAL_Driver/Src/stm32f1xx_hal_flash_ex.o
LOAD ./Drivers/STM32F1xx_HAL_Driver/Src/stm32f1xx_hal_gpio.o
LOAD ./Drivers/STM32F1xx_HAL_Driver/Src/stm32f1xx_hal_gpio_ex.o
LOAD ./Drivers/STM32F1xx_HAL_Driver/Src/stm32f1xx_hal_pwr.o
LOAD ./Drivers/STM32F1xx_HAL_Driver/Src/stm32f1xx_hal_rcc.o
LOAD ./Drivers/STM32F1xx_HAL_Driver/Src/stm32f1xx_hal_rcc_ex.o
LOAD ./Drivers/STM32F1xx_HAL_Driver/Src/stm32f1xx_hal_tim.o
LOAD ./Drivers/STM32F1xx_HAL_Driver/Src/stm32f1xx_hal_tim_ex.o
START GROUP
LOAD E:/stm32cubeide/STM32CubeIDE_1.16.0/STM32CubeIDE/plugins/com.st.stm32cube.ide.mcu.externaltools.gnu-tools-for-stm32.12.3.rel1.win32_1.0.200.202406191623/tools/bin/../lib/gcc/arm-none-eabi/12.3.1/../../../../arm-none-eabi/lib/thumb/v7-m/nofp\libc_nano.a
LOAD E:/stm32cubeide/STM32CubeIDE_1.16.0/STM32CubeIDE/plugins/com.st.stm32cube.ide.mcu.externaltools.gnu-tools-for-stm32.12.3.rel1.win32_1.0.200.202406191623/tools/bin/../lib/gcc/arm-none-eabi/12.3.1/../../../../arm-none-eabi/lib/thumb/v7-m/nofp\libm.a
END GROUP
START GROUP
LOAD E:/stm32cubeide/STM32CubeIDE_1.16.0/STM32CubeIDE/plugins/com.st.stm32cube.ide.mcu.externaltools.gnu-tools-for-stm32.12.3.rel1.win32_1.0.200.202406191623/tools/bin/../lib/gcc/arm-none-eabi/12.3.1/thumb/v7-m/nofp\libgcc.a
LOAD E:/stm32cubeide/STM32CubeIDE_1.16.0/STM32CubeIDE/plugins/com.st.stm32cube.ide.mcu.externaltools.gnu-tools-for-stm32.12.3.rel1.win32_1.0.200.202406191623/tools/bin/../lib/gcc/arm-none-eabi/12.3.1/../../../../arm-none-eabi/lib/thumb/v7-m/nofp\libc_nano.a
END GROUP
START GROUP
LOAD E:/stm32cubeide/STM32CubeIDE_1.16.0/STM32CubeIDE/plugins/com.st.stm32cube.ide.mcu.externaltools.gnu-tools-for-stm32.12.3.rel1.win32_1.0.200.202406191623/tools/bin/../lib/gcc/arm-none-eabi/12.3.1/thumb/v7-m/nofp\libgcc.a
LOAD E:/stm32cubeide/STM32CubeIDE_1.16.0/STM32CubeIDE/plugins/com.st.stm32cube.ide.mcu.externaltools.gnu-tools-for-stm32.12.3.rel1.win32_1.0.200.202406191623/tools/bin/../lib/gcc/arm-none-eabi/12.3.1/../../../../arm-none-eabi/lib/thumb/v7-m/nofp\libc_nano.a
LOAD E:/stm32cubeide/STM32CubeIDE_1.16.0/STM32CubeIDE/plugins/com.st.stm32cube.ide.mcu.externaltools.gnu-tools-for-stm32.12.3.rel1.win32_1.0.200.202406191623/tools/bin/../lib/gcc/arm-none-eabi/12.3.1/../../../../arm-none-eabi/lib/thumb/v7-m/nofp\libnosys.a
END GROUP
START GROUP
LOAD E:/stm32cubeide/STM32CubeIDE_1.16.0/STM32CubeIDE/plugins/com.st.stm32cube.ide.mcu.externaltools.gnu-tools-for-stm32.12.3.rel1.win32_1.0.200.202406191623/tools/bin/../lib/gcc/arm-none-eabi/12.3.1/thumb/v7-m/nofp\libgcc.a
LOAD E:/stm32cubeide/STM32CubeIDE_1.16.0/STM32CubeIDE/plugins/com.st.stm32cube.ide.mcu.externaltools.gnu-tools-for-stm32.12.3.rel1.win32_1.0.200.202406191623/tools/bin/../lib/gcc/arm-none-eabi/12.3.1/../../../../arm-none-eabi/lib/thumb/v7-m/nofp\libc_nano.a
LOAD E:/stm32cubeide/STM32CubeIDE_1.16.0/STM32CubeIDE/plugins/com.st.stm32cube.ide.mcu.externaltools.gnu-tools-for-stm32.12.3.rel1.win32_1.0.200.202406191623/tools/bin/../lib/gcc/arm-none-eabi/12.3.1/../../../../arm-none-eabi/lib/thumb/v7-m/nofp\libnosys.a
END GROUP
LOAD E:/stm32cubeide/STM32CubeIDE_1.16.0/STM32CubeIDE/plugins/com.st.stm32cube.ide.mcu.externaltools.gnu-tools-for-stm32.12.3.rel1.win32_1.0.200.202406191623/tools/bin/../lib/gcc/arm-none-eabi/12.3.1/thumb/v7-m/nofp/crtend.o
LOAD E:/stm32cubeide/STM32CubeIDE_1.16.0/STM32CubeIDE/plugins/com.st.stm32cube.ide.mcu.externaltools.gnu-tools-for-stm32.12.3.rel1.win32_1.0.200.202406191623/tools/bin/../lib/gcc/arm-none-eabi/12.3.1/thumb/v7-m/nofp/crtn.o
                0x20001000                        _estack = (ORIGIN (RAM) + LENGTH (RAM))
                0x00000200                        _Min_Heap_Size = 0x200
                0x00000400                        _Min_Stack_Size = 0x400

.isr_vector     0x08000000      0x1d0
                0x08000000                        . = ALIGN (0x4)
 *(.isr_vector)
 .isr_vector    0x08000000      0x1d0 ./Core/Startup/startup_stm32f100c6tx.o
                0x08000000                g_pfnVectors
                0x080001d0                        . = ALIGN (0x4)

.text           0x080001d0     0x20a0
                0x080001d0                        . = ALIGN (0x4)
 *(.text)
 .text          0x080001d0       0x40 E:/stm32cubeide/STM32CubeIDE_1.16.0/STM32CubeIDE/plugins/com.st.stm32cube.ide.mcu.externaltools.gnu-tools-for-stm32.12.3.rel1.win32_1.0.200.202406191623/tools/bin/../lib/gcc/arm-none-eabi/12.3.1/thumb/v7-m/nofp/crtbegin.o
 *(.text*)
 .text.System_init_Lab1
                0x08000210       0x20 ./Core/Src/Lab1.o
                0x08000210                System_init_Lab1
 .text.calculator_BCD_to_7SEG
                0x08000230      0x2d4 ./Core/Src/Lab1.o
                0x08000230                calculator_BCD_to_7SEG
 .text.display7SEG
                0x08000504       0xd0 ./Core/Src/Lab1.o
                0x08000504                display7SEG
 .text.decoder_Led
                0x080005d4       0x74 ./Core/Src/Lab1.o
                0x080005d4                decoder_Led
 .text.Exercise_5
                0x08000648      0x1d8 ./Core/Src/Lab1.o
                0x08000648                Exercise_5
 .text.main     0x08000820       0x1e ./Core/Src/main.o
                0x08000820                main
 .text.SystemClock_Config
                0x0800083e       0x76 ./Core/Src/main.o
                0x0800083e                SystemClock_Config
 .text.MX_TIM2_Init
                0x080008b4       0x98 ./Core/Src/main.o
 .text.MX_GPIO_Init
                0x0800094c       0xa8 ./Core/Src/main.o
 .text.Error_Handler
                0x080009f4        0xc ./Core/Src/main.o
                0x080009f4                Error_Handler
 .text.timer_init
                0x08000a00       0x14 ./Core/Src/software_timer.o
                0x08000a00                timer_init
 .text.setTimer
                0x08000a14       0x58 ./Core/Src/software_timer.o
                0x08000a14                setTimer
 .text.timer_run
                0x08000a6c       0x64 ./Core/Src/software_timer.o
                0x08000a6c                timer_run
 .text.HAL_TIM_PeriodElapsedCallback
                0x08000ad0       0x26 ./Core/Src/software_timer.o
                0x08000ad0                HAL_TIM_PeriodElapsedCallback
 *fill*         0x08000af6        0x2 
 .text.HAL_MspInit
                0x08000af8       0x64 ./Core/Src/stm32f1xx_hal_msp.o
                0x08000af8                HAL_MspInit
 .text.HAL_TIM_Base_MspInit
                0x08000b5c       0x48 ./Core/Src/stm32f1xx_hal_msp.o
                0x08000b5c                HAL_TIM_Base_MspInit
 .text.NMI_Handler
                0x08000ba4        0x8 ./Core/Src/stm32f1xx_it.o
                0x08000ba4                NMI_Handler
 .text.HardFault_Handler
                0x08000bac        0x8 ./Core/Src/stm32f1xx_it.o
                0x08000bac                HardFault_Handler
 .text.MemManage_Handler
                0x08000bb4        0x8 ./Core/Src/stm32f1xx_it.o
                0x08000bb4                MemManage_Handler
 .text.BusFault_Handler
                0x08000bbc        0x8 ./Core/Src/stm32f1xx_it.o
                0x08000bbc                BusFault_Handler
 .text.UsageFault_Handler
                0x08000bc4        0x8 ./Core/Src/stm32f1xx_it.o
                0x08000bc4                UsageFault_Handler
 .text.SVC_Handler
                0x08000bcc        0xc ./Core/Src/stm32f1xx_it.o
                0x08000bcc                SVC_Handler
 .text.DebugMon_Handler
                0x08000bd8        0xc ./Core/Src/stm32f1xx_it.o
                0x08000bd8                DebugMon_Handler
 .text.PendSV_Handler
                0x08000be4        0xc ./Core/Src/stm32f1xx_it.o
                0x08000be4                PendSV_Handler
 .text.SysTick_Handler
                0x08000bf0        0xc ./Core/Src/stm32f1xx_it.o
                0x08000bf0                SysTick_Handler
 .text.TIM2_IRQHandler
                0x08000bfc       0x14 ./Core/Src/stm32f1xx_it.o
                0x08000bfc                TIM2_IRQHandler
 .text.SystemInit
                0x08000c10        0xc ./Core/Src/system_stm32f1xx.o
                0x08000c10                SystemInit
 .text.Reset_Handler
                0x08000c1c       0x48 ./Core/Startup/startup_stm32f100c6tx.o
                0x08000c1c                Reset_Handler
 .text.Default_Handler
                0x08000c64        0x2 ./Core/Startup/startup_stm32f100c6tx.o
                0x08000c64                RTC_Alarm_IRQHandler
                0x08000c64                EXTI2_IRQHandler
                0x08000c64                TIM1_CC_IRQHandler
                0x08000c64                PVD_IRQHandler
                0x08000c64                EXTI3_IRQHandler
                0x08000c64                EXTI0_IRQHandler
                0x08000c64                TIM1_UP_TIM16_IRQHandler
                0x08000c64                SPI1_IRQHandler
                0x08000c64                TAMPER_IRQHandler
                0x08000c64                TIM6_DAC_IRQHandler
                0x08000c64                DMA1_Channel4_IRQHandler
                0x08000c64                ADC1_IRQHandler
                0x08000c64                USART3_IRQHandler
                0x08000c64                RTC_IRQHandler
                0x08000c64                DMA1_Channel7_IRQHandler
                0x08000c64                TIM4_IRQHandler
                0x08000c64                I2C1_EV_IRQHandler
                0x08000c64                DMA1_Channel6_IRQHandler
                0x08000c64                TIM3_IRQHandler
                0x08000c64                RCC_IRQHandler
                0x08000c64                DMA1_Channel1_IRQHandler
                0x08000c64                Default_Handler
                0x08000c64                CEC_IRQHandler
                0x08000c64                EXTI15_10_IRQHandler
                0x08000c64                TIM7_IRQHandler
                0x08000c64                EXTI9_5_IRQHandler
                0x08000c64                SPI2_IRQHandler
                0x08000c64                DMA1_Channel5_IRQHandler
                0x08000c64                EXTI4_IRQHandler
                0x08000c64                TIM1_TRG_COM_TIM17_IRQHandler
                0x08000c64                DMA1_Channel3_IRQHandler
                0x08000c64                WWDG_IRQHandler
                0x08000c64                EXTI1_IRQHandler
                0x08000c64                USART2_IRQHandler
                0x08000c64                DMA1_Channel2_IRQHandler
                0x08000c64                FLASH_IRQHandler
                0x08000c64                USART1_IRQHandler
                0x08000c64                I2C1_ER_IRQHandler
                0x08000c64                TIM1_BRK_TIM15_IRQHandler
 .text.HAL_Init
                0x08000c66       0x1a ./Drivers/STM32F1xx_HAL_Driver/Src/stm32f1xx_hal.o
                0x08000c66                HAL_Init
 .text.HAL_InitTick
                0x08000c80       0x60 ./Drivers/STM32F1xx_HAL_Driver/Src/stm32f1xx_hal.o
                0x08000c80                HAL_InitTick
 .text.HAL_IncTick
                0x08000ce0       0x24 ./Drivers/STM32F1xx_HAL_Driver/Src/stm32f1xx_hal.o
                0x08000ce0                HAL_IncTick
 .text.HAL_GetTick
                0x08000d04       0x14 ./Drivers/STM32F1xx_HAL_Driver/Src/stm32f1xx_hal.o
                0x08000d04                HAL_GetTick
 .text.__NVIC_SetPriorityGrouping
                0x08000d18       0x48 ./Drivers/STM32F1xx_HAL_Driver/Src/stm32f1xx_hal_cortex.o
 .text.__NVIC_GetPriorityGrouping
                0x08000d60       0x1c ./Drivers/STM32F1xx_HAL_Driver/Src/stm32f1xx_hal_cortex.o
 .text.__NVIC_EnableIRQ
                0x08000d7c       0x38 ./Drivers/STM32F1xx_HAL_Driver/Src/stm32f1xx_hal_cortex.o
 .text.__NVIC_SetPriority
                0x08000db4       0x54 ./Drivers/STM32F1xx_HAL_Driver/Src/stm32f1xx_hal_cortex.o
 .text.NVIC_EncodePriority
                0x08000e08       0x64 ./Drivers/STM32F1xx_HAL_Driver/Src/stm32f1xx_hal_cortex.o
 .text.SysTick_Config
                0x08000e6c       0x44 ./Drivers/STM32F1xx_HAL_Driver/Src/stm32f1xx_hal_cortex.o
 .text.HAL_NVIC_SetPriorityGrouping
                0x08000eb0       0x16 ./Drivers/STM32F1xx_HAL_Driver/Src/stm32f1xx_hal_cortex.o
                0x08000eb0                HAL_NVIC_SetPriorityGrouping
 .text.HAL_NVIC_SetPriority
                0x08000ec6       0x38 ./Drivers/STM32F1xx_HAL_Driver/Src/stm32f1xx_hal_cortex.o
                0x08000ec6                HAL_NVIC_SetPriority
 .text.HAL_NVIC_EnableIRQ
                0x08000efe       0x1c ./Drivers/STM32F1xx_HAL_Driver/Src/stm32f1xx_hal_cortex.o
                0x08000efe                HAL_NVIC_EnableIRQ
 .text.HAL_SYSTICK_Config
                0x08000f1a       0x18 ./Drivers/STM32F1xx_HAL_Driver/Src/stm32f1xx_hal_cortex.o
                0x08000f1a                HAL_SYSTICK_Config
 *fill*         0x08000f32        0x2 
 .text.HAL_GPIO_Init
                0x08000f34      0x308 ./Drivers/STM32F1xx_HAL_Driver/Src/stm32f1xx_hal_gpio.o
                0x08000f34                HAL_GPIO_Init
 .text.HAL_GPIO_WritePin
                0x0800123c       0x30 ./Drivers/STM32F1xx_HAL_Driver/Src/stm32f1xx_hal_gpio.o
                0x0800123c                HAL_GPIO_WritePin
 .text.HAL_RCC_OscConfig
                0x0800126c      0x504 ./Drivers/STM32F1xx_HAL_Driver/Src/stm32f1xx_hal_rcc.o
                0x0800126c                HAL_RCC_OscConfig
 .text.HAL_RCC_ClockConfig
                0x08001770      0x170 ./Drivers/STM32F1xx_HAL_Driver/Src/stm32f1xx_hal_rcc.o
                0x08001770                HAL_RCC_ClockConfig
 .text.HAL_RCC_GetSysClockFreq
                0x080018e0       0xa4 ./Drivers/STM32F1xx_HAL_Driver/Src/stm32f1xx_hal_rcc.o
                0x080018e0                HAL_RCC_GetSysClockFreq
 .text.RCC_Delay
                0x08001984       0x3c ./Drivers/STM32F1xx_HAL_Driver/Src/stm32f1xx_hal_rcc.o
 .text.HAL_TIM_Base_Init
                0x080019c0       0x9e ./Drivers/STM32F1xx_HAL_Driver/Src/stm32f1xx_hal_tim.o
                0x080019c0                HAL_TIM_Base_Init
 *fill*         0x08001a5e        0x2 
 .text.HAL_TIM_Base_Start_IT
                0x08001a60       0xb4 ./Drivers/STM32F1xx_HAL_Driver/Src/stm32f1xx_hal_tim.o
                0x08001a60                HAL_TIM_Base_Start_IT
 .text.HAL_TIM_IRQHandler
                0x08001b14      0x1e0 ./Drivers/STM32F1xx_HAL_Driver/Src/stm32f1xx_hal_tim.o
                0x08001b14                HAL_TIM_IRQHandler
 .text.HAL_TIM_ConfigClockSource
                0x08001cf4      0x18e ./Drivers/STM32F1xx_HAL_Driver/Src/stm32f1xx_hal_tim.o
                0x08001cf4                HAL_TIM_ConfigClockSource
 .text.HAL_TIM_OC_DelayElapsedCallback
                0x08001e82       0x12 ./Drivers/STM32F1xx_HAL_Driver/Src/stm32f1xx_hal_tim.o
                0x08001e82                HAL_TIM_OC_DelayElapsedCallback
 .text.HAL_TIM_IC_CaptureCallback
                0x08001e94       0x12 ./Drivers/STM32F1xx_HAL_Driver/Src/stm32f1xx_hal_tim.o
                0x08001e94                HAL_TIM_IC_CaptureCallback
 .text.HAL_TIM_PWM_PulseFinishedCallback
                0x08001ea6       0x12 ./Drivers/STM32F1xx_HAL_Driver/Src/stm32f1xx_hal_tim.o
                0x08001ea6                HAL_TIM_PWM_PulseFinishedCallback
 .text.HAL_TIM_TriggerCallback
                0x08001eb8       0x12 ./Drivers/STM32F1xx_HAL_Driver/Src/stm32f1xx_hal_tim.o
                0x08001eb8                HAL_TIM_TriggerCallback
 *fill*         0x08001eca        0x2 
 .text.TIM_Base_SetConfig
                0x08001ecc      0x118 ./Drivers/STM32F1xx_HAL_Driver/Src/stm32f1xx_hal_tim.o
                0x08001ecc                TIM_Base_SetConfig
 .text.TIM_TI1_ConfigInputStage
                0x08001fe4       0x5c ./Drivers/STM32F1xx_HAL_Driver/Src/stm32f1xx_hal_tim.o
 .text.TIM_TI2_ConfigInputStage
                0x08002040       0x5e ./Drivers/STM32F1xx_HAL_Driver/Src/stm32f1xx_hal_tim.o
 .text.TIM_ITRx_SetConfig
                0x0800209e       0x34 ./Drivers/STM32F1xx_HAL_Driver/Src/stm32f1xx_hal_tim.o
 .text.TIM_ETR_SetConfig
                0x080020d2       0x3e ./Drivers/STM32F1xx_HAL_Driver/Src/stm32f1xx_hal_tim.o
                0x080020d2                TIM_ETR_SetConfig
 .text.HAL_TIMEx_MasterConfigSynchronization
                0x08002110       0xcc ./Drivers/STM32F1xx_HAL_Driver/Src/stm32f1xx_hal_tim_ex.o
                0x08002110                HAL_TIMEx_MasterConfigSynchronization
 .text.HAL_TIMEx_CommutCallback
                0x080021dc       0x12 ./Drivers/STM32F1xx_HAL_Driver/Src/stm32f1xx_hal_tim_ex.o
                0x080021dc                HAL_TIMEx_CommutCallback
 .text.HAL_TIMEx_BreakCallback
                0x080021ee       0x12 ./Drivers/STM32F1xx_HAL_Driver/Src/stm32f1xx_hal_tim_ex.o
                0x080021ee                HAL_TIMEx_BreakCallback
 .text.memset   0x08002200       0x10 E:/stm32cubeide/STM32CubeIDE_1.16.0/STM32CubeIDE/plugins/com.st.stm32cube.ide.mcu.externaltools.gnu-tools-for-stm32.12.3.rel1.win32_1.0.200.202406191623/tools/bin/../lib/gcc/arm-none-eabi/12.3.1/../../../../arm-none-eabi/lib/thumb/v7-m/nofp\libc_nano.a(libc_a-memset.o)
                0x08002200                memset
 .text.__libc_init_array
                0x08002210       0x48 E:/stm32cubeide/STM32CubeIDE_1.16.0/STM32CubeIDE/plugins/com.st.stm32cube.ide.mcu.externaltools.gnu-tools-for-stm32.12.3.rel1.win32_1.0.200.202406191623/tools/bin/../lib/gcc/arm-none-eabi/12.3.1/../../../../arm-none-eabi/lib/thumb/v7-m/nofp\libc_nano.a(libc_a-init.o)
                0x08002210                __libc_init_array
 *(.glue_7)
 .glue_7        0x08002258        0x0 linker stubs
 *(.glue_7t)
 .glue_7t       0x08002258        0x0 linker stubs
 *(.eh_frame)
 .eh_frame      0x08002258        0x0 E:/stm32cubeide/STM32CubeIDE_1.16.0/STM32CubeIDE/plugins/com.st.stm32cube.ide.mcu.externaltools.gnu-tools-for-stm32.12.3.rel1.win32_1.0.200.202406191623/tools/bin/../lib/gcc/arm-none-eabi/12.3.1/thumb/v7-m/nofp/crtbegin.o
 *(.init)
 .init          0x08002258        0x4 E:/stm32cubeide/STM32CubeIDE_1.16.0/STM32CubeIDE/plugins/com.st.stm32cube.ide.mcu.externaltools.gnu-tools-for-stm32.12.3.rel1.win32_1.0.200.202406191623/tools/bin/../lib/gcc/arm-none-eabi/12.3.1/thumb/v7-m/nofp/crti.o
                0x08002258                _init
 .init          0x0800225c        0x8 E:/stm32cubeide/STM32CubeIDE_1.16.0/STM32CubeIDE/plugins/com.st.stm32cube.ide.mcu.externaltools.gnu-tools-for-stm32.12.3.rel1.win32_1.0.200.202406191623/tools/bin/../lib/gcc/arm-none-eabi/12.3.1/thumb/v7-m/nofp/crtn.o
 *(.fini)
 .fini          0x08002264        0x4 E:/stm32cubeide/STM32CubeIDE_1.16.0/STM32CubeIDE/plugins/com.st.stm32cube.ide.mcu.externaltools.gnu-tools-for-stm32.12.3.rel1.win32_1.0.200.202406191623/tools/bin/../lib/gcc/arm-none-eabi/12.3.1/thumb/v7-m/nofp/crti.o
                0x08002264                _fini
 .fini          0x08002268        0x8 E:/stm32cubeide/STM32CubeIDE_1.16.0/STM32CubeIDE/plugins/com.st.stm32cube.ide.mcu.externaltools.gnu-tools-for-stm32.12.3.rel1.win32_1.0.200.202406191623/tools/bin/../lib/gcc/arm-none-eabi/12.3.1/thumb/v7-m/nofp/crtn.o
                0x08002270                        . = ALIGN (0x4)
                0x08002270                        _etext = .

.vfp11_veneer   0x08002270        0x0
 .vfp11_veneer  0x08002270        0x0 linker stubs

.v4_bx          0x08002270        0x0
 .v4_bx         0x08002270        0x0 linker stubs

.iplt           0x08002270        0x0
 .iplt          0x08002270        0x0 E:/stm32cubeide/STM32CubeIDE_1.16.0/STM32CubeIDE/plugins/com.st.stm32cube.ide.mcu.externaltools.gnu-tools-for-stm32.12.3.rel1.win32_1.0.200.202406191623/tools/bin/../lib/gcc/arm-none-eabi/12.3.1/thumb/v7-m/nofp/crtbegin.o

.rodata         0x08002270       0x58
                0x08002270                        . = ALIGN (0x4)
 *(.rodata)
 .rodata        0x08002270       0x28 ./Core/Src/Lab1.o
 *(.rodata*)
 .rodata.AHBPrescTable
                0x08002298       0x10 ./Core/Src/system_stm32f1xx.o
                0x08002298                AHBPrescTable
 .rodata.aPLLMULFactorTable.1
                0x080022a8       0x10 ./Drivers/STM32F1xx_HAL_Driver/Src/stm32f1xx_hal_rcc.o
 .rodata.aPredivFactorTable.0
                0x080022b8       0x10 ./Drivers/STM32F1xx_HAL_Driver/Src/stm32f1xx_hal_rcc.o
                0x080022c8                        . = ALIGN (0x4)

.ARM.extab      0x080022c8        0x0
                0x080022c8                        . = ALIGN (0x4)
 *(.ARM.extab* .gnu.linkonce.armextab.*)
                0x080022c8                        . = ALIGN (0x4)

.ARM            0x080022c8        0x0
                0x080022c8                        . = ALIGN (0x4)
                0x080022c8                        __exidx_start = .
 *(.ARM.exidx*)
                0x080022c8                        __exidx_end = .
                0x080022c8                        . = ALIGN (0x4)

.preinit_array  0x080022c8        0x0
                0x080022c8                        . = ALIGN (0x4)
                0x080022c8                        PROVIDE (__preinit_array_start = .)
 *(.preinit_array*)
                0x080022c8                        PROVIDE (__preinit_array_end = .)
                0x080022c8                        . = ALIGN (0x4)

.init_array     0x080022c8        0x4
                0x080022c8                        . = ALIGN (0x4)
                0x080022c8                        PROVIDE (__init_array_start = .)
 *(SORT_BY_NAME(.init_array.*))
 *(.init_array*)
 .init_array    0x080022c8        0x4 E:/stm32cubeide/STM32CubeIDE_1.16.0/STM32CubeIDE/plugins/com.st.stm32cube.ide.mcu.externaltools.gnu-tools-for-stm32.12.3.rel1.win32_1.0.200.202406191623/tools/bin/../lib/gcc/arm-none-eabi/12.3.1/thumb/v7-m/nofp/crtbegin.o
                0x080022cc                        PROVIDE (__init_array_end = .)
                0x080022cc                        . = ALIGN (0x4)

.fini_array     0x080022cc        0x4
                0x080022cc                        . = ALIGN (0x4)
                [!provide]                        PROVIDE (__fini_array_start = .)
 *(SORT_BY_NAME(.fini_array.*))
 *(.fini_array*)
 .fini_array    0x080022cc        0x4 E:/stm32cubeide/STM32CubeIDE_1.16.0/STM32CubeIDE/plugins/com.st.stm32cube.ide.mcu.externaltools.gnu-tools-for-stm32.12.3.rel1.win32_1.0.200.202406191623/tools/bin/../lib/gcc/arm-none-eabi/12.3.1/thumb/v7-m/nofp/crtbegin.o
                [!provide]                        PROVIDE (__fini_array_end = .)
                0x080022d0                        . = ALIGN (0x4)
                0x080022d0                        _sidata = LOADADDR (.data)

.rel.dyn        0x080022d0        0x0
 .rel.iplt      0x080022d0        0x0 E:/stm32cubeide/STM32CubeIDE_1.16.0/STM32CubeIDE/plugins/com.st.stm32cube.ide.mcu.externaltools.gnu-tools-for-stm32.12.3.rel1.win32_1.0.200.202406191623/tools/bin/../lib/gcc/arm-none-eabi/12.3.1/thumb/v7-m/nofp/crtbegin.o

.data           0x20000000       0x10 load address 0x080022d0
                0x20000000                        . = ALIGN (0x4)
                0x20000000                        _sdata = .
 *(.data)
 *(.data*)
 .data.count_7seg
                0x20000000        0x1 ./Core/Src/Lab1.o
                0x20000000                count_7seg
 *fill*         0x20000001        0x3 
 .data.SystemCoreClock
                0x20000004        0x4 ./Core/Src/system_stm32f1xx.o
                0x20000004                SystemCoreClock
 .data.uwTickPrio
                0x20000008        0x4 ./Drivers/STM32F1xx_HAL_Driver/Src/stm32f1xx_hal.o
                0x20000008                uwTickPrio
 .data.uwTickFreq
                0x2000000c        0x1 ./Drivers/STM32F1xx_HAL_Driver/Src/stm32f1xx_hal.o
                0x2000000c                uwTickFreq
 *(.RamFunc)
 *(.RamFunc*)
                0x20000010                        . = ALIGN (0x4)
 *fill*         0x2000000d        0x3 
                0x20000010                        _edata = .

.igot.plt       0x20000010        0x0 load address 0x080022e0
 .igot.plt      0x20000010        0x0 E:/stm32cubeide/STM32CubeIDE_1.16.0/STM32CubeIDE/plugins/com.st.stm32cube.ide.mcu.externaltools.gnu-tools-for-stm32.12.3.rel1.win32_1.0.200.202406191623/tools/bin/../lib/gcc/arm-none-eabi/12.3.1/thumb/v7-m/nofp/crtbegin.o
                0x20000010                        . = ALIGN (0x4)

.bss            0x20000010       0xb0 load address 0x080022e0
                0x20000010                        _sbss = .
                0x20000010                        __bss_start__ = _sbss
 *(.bss)
 .bss           0x20000010       0x1c E:/stm32cubeide/STM32CubeIDE_1.16.0/STM32CubeIDE/plugins/com.st.stm32cube.ide.mcu.externaltools.gnu-tools-for-stm32.12.3.rel1.win32_1.0.200.202406191623/tools/bin/../lib/gcc/arm-none-eabi/12.3.1/thumb/v7-m/nofp/crtbegin.o
 *(.bss*)
 .bss.A         0x2000002c        0x1 ./Core/Src/Lab1.o
                0x2000002c                A
 .bss.B         0x2000002d        0x1 ./Core/Src/Lab1.o
                0x2000002d                B
 .bss.C         0x2000002e        0x1 ./Core/Src/Lab1.o
                0x2000002e                C
 .bss.D         0x2000002f        0x1 ./Core/Src/Lab1.o
                0x2000002f                D
 .bss.a         0x20000030        0x1 ./Core/Src/Lab1.o
                0x20000030                a
 .bss.b         0x20000031        0x1 ./Core/Src/Lab1.o
                0x20000031                b
 .bss.c         0x20000032        0x1 ./Core/Src/Lab1.o
                0x20000032                c
 .bss.d         0x20000033        0x1 ./Core/Src/Lab1.o
                0x20000033                d
 .bss.e         0x20000034        0x1 ./Core/Src/Lab1.o
                0x20000034                e
 .bss.f         0x20000035        0x1 ./Core/Src/Lab1.o
                0x20000035                f
 .bss.g         0x20000036        0x1 ./Core/Src/Lab1.o
                0x20000036                g
 .bss.pre_state
                0x20000037        0x1 ./Core/Src/Lab1.o
                0x20000037                pre_state
 .bss.htim2     0x20000038       0x48 ./Core/Src/main.o
                0x20000038                htim2
 .bss.flag_timer
                0x20000080       0x14 ./Core/Src/software_timer.o
                0x20000080                flag_timer
 .bss.timer_counter
                0x20000094       0x14 ./Core/Src/software_timer.o
                0x20000094                timer_counter
 .bss.timer_MUL
                0x200000a8       0x14 ./Core/Src/software_timer.o
                0x200000a8                timer_MUL
 .bss.uwTick    0x200000bc        0x4 ./Drivers/STM32F1xx_HAL_Driver/Src/stm32f1xx_hal.o
                0x200000bc                uwTick
 *(COMMON)
                0x200000c0                        . = ALIGN (0x4)
                0x200000c0                        _ebss = .
                0x200000c0                        __bss_end__ = _ebss

._user_heap_stack
                0x200000c0      0x600 load address 0x080022e0
                0x200000c0                        . = ALIGN (0x8)
                [!provide]                        PROVIDE (end = .)
                0x200000c0                        PROVIDE (_end = .)
                0x200002c0                        . = (. + _Min_Heap_Size)
 *fill*         0x200000c0      0x200 
                0x200006c0                        . = (. + _Min_Stack_Size)
 *fill*         0x200002c0      0x400 
                0x200006c0                        . = ALIGN (0x8)

/DISCARD/
 libc.a(*)
 libm.a(*)
 libgcc.a(*)

.ARM.attributes
                0x00000000       0x29
 *(.ARM.attributes)
 .ARM.attributes
                0x00000000       0x1d E:/stm32cubeide/STM32CubeIDE_1.16.0/STM32CubeIDE/plugins/com.st.stm32cube.ide.mcu.externaltools.gnu-tools-for-stm32.12.3.rel1.win32_1.0.200.202406191623/tools/bin/../lib/gcc/arm-none-eabi/12.3.1/thumb/v7-m/nofp/crti.o
 .ARM.attributes
                0x0000001d       0x2d E:/stm32cubeide/STM32CubeIDE_1.16.0/STM32CubeIDE/plugins/com.st.stm32cube.ide.mcu.externaltools.gnu-tools-for-stm32.12.3.rel1.win32_1.0.200.202406191623/tools/bin/../lib/gcc/arm-none-eabi/12.3.1/thumb/v7-m/nofp/crtbegin.o
 .ARM.attributes
                0x0000004a       0x2d ./Core/Src/Lab1.o
 .ARM.attributes
                0x00000077       0x2d ./Core/Src/main.o
 .ARM.attributes
                0x000000a4       0x2d ./Core/Src/software_timer.o
 .ARM.attributes
                0x000000d1       0x2d ./Core/Src/stm32f1xx_hal_msp.o
 .ARM.attributes
                0x000000fe       0x2d ./Core/Src/stm32f1xx_it.o
 .ARM.attributes
                0x0000012b       0x2d ./Core/Src/system_stm32f1xx.o
 .ARM.attributes
                0x00000158       0x21 ./Core/Startup/startup_stm32f100c6tx.o
 .ARM.attributes
                0x00000179       0x2d ./Drivers/STM32F1xx_HAL_Driver/Src/stm32f1xx_hal.o
 .ARM.attributes
                0x000001a6       0x2d ./Drivers/STM32F1xx_HAL_Driver/Src/stm32f1xx_hal_cortex.o
 .ARM.attributes
                0x000001d3       0x2d ./Drivers/STM32F1xx_HAL_Driver/Src/stm32f1xx_hal_gpio.o
 .ARM.attributes
                0x00000200       0x2d ./Drivers/STM32F1xx_HAL_Driver/Src/stm32f1xx_hal_rcc.o
 .ARM.attributes
                0x0000022d       0x2d ./Drivers/STM32F1xx_HAL_Driver/Src/stm32f1xx_hal_tim.o
 .ARM.attributes
                0x0000025a       0x2d ./Drivers/STM32F1xx_HAL_Driver/Src/stm32f1xx_hal_tim_ex.o
 .ARM.attributes
                0x00000287       0x2d E:/stm32cubeide/STM32CubeIDE_1.16.0/STM32CubeIDE/plugins/com.st.stm32cube.ide.mcu.externaltools.gnu-tools-for-stm32.12.3.rel1.win32_1.0.200.202406191623/tools/bin/../lib/gcc/arm-none-eabi/12.3.1/../../../../arm-none-eabi/lib/thumb/v7-m/nofp\libc_nano.a(libc_a-memset.o)
 .ARM.attributes
                0x000002b4       0x2d E:/stm32cubeide/STM32CubeIDE_1.16.0/STM32CubeIDE/plugins/com.st.stm32cube.ide.mcu.externaltools.gnu-tools-for-stm32.12.3.rel1.win32_1.0.200.202406191623/tools/bin/../lib/gcc/arm-none-eabi/12.3.1/../../../../arm-none-eabi/lib/thumb/v7-m/nofp\libc_nano.a(libc_a-init.o)
 .ARM.attributes
                0x000002e1       0x1d E:/stm32cubeide/STM32CubeIDE_1.16.0/STM32CubeIDE/plugins/com.st.stm32cube.ide.mcu.externaltools.gnu-tools-for-stm32.12.3.rel1.win32_1.0.200.202406191623/tools/bin/../lib/gcc/arm-none-eabi/12.3.1/thumb/v7-m/nofp/crtn.o
OUTPUT(Lab1_f1.elf elf32-littlearm)
LOAD linker stubs
LOAD E:/stm32cubeide/STM32CubeIDE_1.16.0/STM32CubeIDE/plugins/com.st.stm32cube.ide.mcu.externaltools.gnu-tools-for-stm32.12.3.rel1.win32_1.0.200.202406191623/tools/bin/../lib/gcc/arm-none-eabi/12.3.1/../../../../arm-none-eabi/lib/thumb/v7-m/nofp\libc.a
LOAD E:/stm32cubeide/STM32CubeIDE_1.16.0/STM32CubeIDE/plugins/com.st.stm32cube.ide.mcu.externaltools.gnu-tools-for-stm32.12.3.rel1.win32_1.0.200.202406191623/tools/bin/../lib/gcc/arm-none-eabi/12.3.1/../../../../arm-none-eabi/lib/thumb/v7-m/nofp\libm.a
LOAD E:/stm32cubeide/STM32CubeIDE_1.16.0/STM32CubeIDE/plugins/com.st.stm32cube.ide.mcu.externaltools.gnu-tools-for-stm32.12.3.rel1.win32_1.0.200.202406191623/tools/bin/../lib/gcc/arm-none-eabi/12.3.1/thumb/v7-m/nofp\libgcc.a

.debug_info     0x00000000     0x849f
 .debug_info    0x00000000      0x3b0 ./Core/Src/Lab1.o
 .debug_info    0x000003b0      0xb5b ./Core/Src/main.o
 .debug_info    0x00000f0b      0x72f ./Core/Src/software_timer.o
 .debug_info    0x0000163a      0x948 ./Core/Src/stm32f1xx_hal_msp.o
 .debug_info    0x00001f82      0x6a1 ./Core/Src/stm32f1xx_it.o
 .debug_info    0x00002623      0x236 ./Core/Src/system_stm32f1xx.o
 .debug_info    0x00002859       0x30 ./Core/Startup/startup_stm32f100c6tx.o
 .debug_info    0x00002889      0x67d ./Drivers/STM32F1xx_HAL_Driver/Src/stm32f1xx_hal.o
 .debug_info    0x00002f06      0xa7b ./Drivers/STM32F1xx_HAL_Driver/Src/stm32f1xx_hal_cortex.o
 .debug_info    0x00003981      0x5c5 ./Drivers/STM32F1xx_HAL_Driver/Src/stm32f1xx_hal_gpio.o
 .debug_info    0x00003f46      0x765 ./Drivers/STM32F1xx_HAL_Driver/Src/stm32f1xx_hal_rcc.o
 .debug_info    0x000046ab     0x2959 ./Drivers/STM32F1xx_HAL_Driver/Src/stm32f1xx_hal_tim.o
 .debug_info    0x00007004     0x149b ./Drivers/STM32F1xx_HAL_Driver/Src/stm32f1xx_hal_tim_ex.o

.debug_abbrev   0x00000000     0x1912
 .debug_abbrev  0x00000000      0x1a5 ./Core/Src/Lab1.o
 .debug_abbrev  0x000001a5      0x282 ./Core/Src/main.o
 .debug_abbrev  0x00000427      0x1d0 ./Core/Src/software_timer.o
 .debug_abbrev  0x000005f7      0x1ad ./Core/Src/stm32f1xx_hal_msp.o
 .debug_abbrev  0x000007a4      0x191 ./Core/Src/stm32f1xx_it.o
 .debug_abbrev  0x00000935      0x119 ./Core/Src/system_stm32f1xx.o
 .debug_abbrev  0x00000a4e       0x24 ./Core/Startup/startup_stm32f100c6tx.o
 .debug_abbrev  0x00000a72      0x233 ./Drivers/STM32F1xx_HAL_Driver/Src/stm32f1xx_hal.o
 .debug_abbrev  0x00000ca5      0x2f8 ./Drivers/STM32F1xx_HAL_Driver/Src/stm32f1xx_hal_cortex.o
 .debug_abbrev  0x00000f9d      0x1ca ./Drivers/STM32F1xx_HAL_Driver/Src/stm32f1xx_hal_gpio.o
 .debug_abbrev  0x00001167      0x2b2 ./Drivers/STM32F1xx_HAL_Driver/Src/stm32f1xx_hal_rcc.o
 .debug_abbrev  0x00001419      0x277 ./Drivers/STM32F1xx_HAL_Driver/Src/stm32f1xx_hal_tim.o
 .debug_abbrev  0x00001690      0x282 ./Drivers/STM32F1xx_HAL_Driver/Src/stm32f1xx_hal_tim_ex.o

.debug_aranges  0x00000000      0x9a0
 .debug_aranges
                0x00000000       0x40 ./Core/Src/Lab1.o
 .debug_aranges
                0x00000040       0x40 ./Core/Src/main.o
 .debug_aranges
                0x00000080       0x38 ./Core/Src/software_timer.o
 .debug_aranges
                0x000000b8       0x30 ./Core/Src/stm32f1xx_hal_msp.o
 .debug_aranges
                0x000000e8       0x68 ./Core/Src/stm32f1xx_it.o
 .debug_aranges
                0x00000150       0x28 ./Core/Src/system_stm32f1xx.o
 .debug_aranges
                0x00000178       0x28 ./Core/Startup/startup_stm32f100c6tx.o
 .debug_aranges
                0x000001a0       0xe0 ./Drivers/STM32F1xx_HAL_Driver/Src/stm32f1xx_hal.o
 .debug_aranges
                0x00000280      0x100 ./Drivers/STM32F1xx_HAL_Driver/Src/stm32f1xx_hal_cortex.o
 .debug_aranges
                0x00000380       0x58 ./Drivers/STM32F1xx_HAL_Driver/Src/stm32f1xx_hal_gpio.o
 .debug_aranges
                0x000003d8       0x90 ./Drivers/STM32F1xx_HAL_Driver/Src/stm32f1xx_hal_rcc.o
 .debug_aranges
                0x00000468      0x3d0 ./Drivers/STM32F1xx_HAL_Driver/Src/stm32f1xx_hal_tim.o
 .debug_aranges
                0x00000838      0x168 ./Drivers/STM32F1xx_HAL_Driver/Src/stm32f1xx_hal_tim_ex.o

.debug_rnglists
                0x00000000      0x763
 .debug_rnglists
                0x00000000       0x2e ./Core/Src/Lab1.o
 .debug_rnglists
                0x0000002e       0x2d ./Core/Src/main.o
 .debug_rnglists
                0x0000005b       0x25 ./Core/Src/software_timer.o
 .debug_rnglists
                0x00000080       0x1f ./Core/Src/stm32f1xx_hal_msp.o
 .debug_rnglists
                0x0000009f       0x49 ./Core/Src/stm32f1xx_it.o
 .debug_rnglists
                0x000000e8       0x1a ./Core/Src/system_stm32f1xx.o
 .debug_rnglists
                0x00000102       0x19 ./Core/Startup/startup_stm32f100c6tx.o
 .debug_rnglists
                0x0000011b       0xa3 ./Drivers/STM32F1xx_HAL_Driver/Src/stm32f1xx_hal.o
 .debug_rnglists
                0x000001be       0xbb ./Drivers/STM32F1xx_HAL_Driver/Src/stm32f1xx_hal_cortex.o
 .debug_rnglists
                0x00000279       0x3f ./Drivers/STM32F1xx_HAL_Driver/Src/stm32f1xx_hal_gpio.o
 .debug_rnglists
                0x000002b8       0x6c ./Drivers/STM32F1xx_HAL_Driver/Src/stm32f1xx_hal_rcc.o
 .debug_rnglists
                0x00000324      0x31a ./Drivers/STM32F1xx_HAL_Driver/Src/stm32f1xx_hal_tim.o
 .debug_rnglists
                0x0000063e      0x125 ./Drivers/STM32F1xx_HAL_Driver/Src/stm32f1xx_hal_tim_ex.o

.debug_macro    0x00000000    0x10c30
 .debug_macro   0x00000000      0x2cc ./Core/Src/Lab1.o
 .debug_macro   0x000002cc      0xaa8 ./Core/Src/Lab1.o
 .debug_macro   0x00000d74       0x22 ./Core/Src/Lab1.o
 .debug_macro   0x00000d96       0x8e ./Core/Src/Lab1.o
 .debug_macro   0x00000e24       0x51 ./Core/Src/Lab1.o
 .debug_macro   0x00000e75      0x103 ./Core/Src/Lab1.o
 .debug_macro   0x00000f78       0x6a ./Core/Src/Lab1.o
 .debug_macro   0x00000fe2      0x1df ./Core/Src/Lab1.o
 .debug_macro   0x000011c1      0x215 ./Core/Src/Lab1.o
 .debug_macro   0x000013d6       0x2e ./Core/Src/Lab1.o
 .debug_macro   0x00001404       0x22 ./Core/Src/Lab1.o
 .debug_macro   0x00001426       0x1c ./Core/Src/Lab1.o
 .debug_macro   0x00001442       0x22 ./Core/Src/Lab1.o
 .debug_macro   0x00001464       0xbd ./Core/Src/Lab1.o
 .debug_macro   0x00001521      0xd23 ./Core/Src/Lab1.o
 .debug_macro   0x00002244     0x75c9 ./Core/Src/Lab1.o
 .debug_macro   0x0000980d       0x6d ./Core/Src/Lab1.o
 .debug_macro   0x0000987a     0x34a2 ./Core/Src/Lab1.o
 .debug_macro   0x0000cd1c      0x189 ./Core/Src/Lab1.o
 .debug_macro   0x0000cea5       0x5c ./Core/Src/Lab1.o
 .debug_macro   0x0000cf01      0x5bc ./Core/Src/Lab1.o
 .debug_macro   0x0000d4bd      0x369 ./Core/Src/Lab1.o
 .debug_macro   0x0000d826      0x1cb ./Core/Src/Lab1.o
 .debug_macro   0x0000d9f1      0x114 ./Core/Src/Lab1.o
 .debug_macro   0x0000db05      0x1f1 ./Core/Src/Lab1.o
 .debug_macro   0x0000dcf6       0x27 ./Core/Src/Lab1.o
 .debug_macro   0x0000dd1d      0x130 ./Core/Src/Lab1.o
 .debug_macro   0x0000de4d      0x1bc ./Core/Src/Lab1.o
 .debug_macro   0x0000e009       0x34 ./Core/Src/Lab1.o
 .debug_macro   0x0000e03d       0x3c ./Core/Src/Lab1.o
 .debug_macro   0x0000e079       0x57 ./Core/Src/Lab1.o
 .debug_macro   0x0000e0d0       0x6b ./Core/Src/Lab1.o
 .debug_macro   0x0000e13b      0x240 ./Core/Src/Lab1.o
 .debug_macro   0x0000e37b      0x140 ./Core/Src/Lab1.o
 .debug_macro   0x0000e4bb      0x8ed ./Core/Src/Lab1.o
 .debug_macro   0x0000eda8       0x9f ./Core/Src/Lab1.o
 .debug_macro   0x0000ee47       0xa0 ./Core/Src/Lab1.o
 .debug_macro   0x0000eee7       0x22 ./Core/Src/Lab1.o
 .debug_macro   0x0000ef09       0x61 ./Core/Src/Lab1.o
 .debug_macro   0x0000ef6a       0x24 ./Core/Src/Lab1.o
 .debug_macro   0x0000ef8e       0x43 ./Core/Src/Lab1.o
 .debug_macro   0x0000efd1       0x34 ./Core/Src/Lab1.o
 .debug_macro   0x0000f005       0x16 ./Core/Src/Lab1.o
 .debug_macro   0x0000f01b       0x35 ./Core/Src/Lab1.o
 .debug_macro   0x0000f050      0x369 ./Core/Src/Lab1.o
 .debug_macro   0x0000f3b9       0x10 ./Core/Src/Lab1.o
 .debug_macro   0x0000f3c9       0x16 ./Core/Src/Lab1.o
 .debug_macro   0x0000f3df       0x43 ./Core/Src/Lab1.o
 .debug_macro   0x0000f422       0x34 ./Core/Src/Lab1.o
 .debug_macro   0x0000f456       0x10 ./Core/Src/Lab1.o
 .debug_macro   0x0000f466       0x58 ./Core/Src/Lab1.o
 .debug_macro   0x0000f4be       0x8e ./Core/Src/Lab1.o
 .debug_macro   0x0000f54c       0x1c ./Core/Src/Lab1.o
 .debug_macro   0x0000f568      0x177 ./Core/Src/Lab1.o
 .debug_macro   0x0000f6df       0x16 ./Core/Src/Lab1.o
 .debug_macro   0x0000f6f5       0x16 ./Core/Src/Lab1.o
 .debug_macro   0x0000f70b      0x146 ./Core/Src/Lab1.o
 .debug_macro   0x0000f851       0x16 ./Core/Src/Lab1.o
 .debug_macro   0x0000f867       0x20 ./Core/Src/Lab1.o
 .debug_macro   0x0000f887      0x2d0 ./Core/Src/main.o
 .debug_macro   0x0000fb57      0x1b7 ./Core/Src/software_timer.o
 .debug_macro   0x0000fd0e      0x1a7 ./Core/Src/stm32f1xx_hal_msp.o
 .debug_macro   0x0000feb5      0x1b1 ./Core/Src/stm32f1xx_it.o
 .debug_macro   0x00010066      0x198 ./Core/Src/system_stm32f1xx.o
 .debug_macro   0x000101fe      0x1bc ./Drivers/STM32F1xx_HAL_Driver/Src/stm32f1xx_hal.o
 .debug_macro   0x000103ba      0x198 ./Drivers/STM32F1xx_HAL_Driver/Src/stm32f1xx_hal_cortex.o
 .debug_macro   0x00010552      0x203 ./Drivers/STM32F1xx_HAL_Driver/Src/stm32f1xx_hal_gpio.o
 .debug_macro   0x00010755      0x1aa ./Drivers/STM32F1xx_HAL_Driver/Src/stm32f1xx_hal_rcc.o
 .debug_macro   0x000108ff      0x199 ./Drivers/STM32F1xx_HAL_Driver/Src/stm32f1xx_hal_tim.o
 .debug_macro   0x00010a98      0x198 ./Drivers/STM32F1xx_HAL_Driver/Src/stm32f1xx_hal_tim_ex.o

.debug_line     0x00000000     0xb15e
 .debug_line    0x00000000      0xb9b ./Core/Src/Lab1.o
 .debug_line    0x00000b9b      0xa80 ./Core/Src/main.o
 .debug_line    0x0000161b      0x776 ./Core/Src/software_timer.o
 .debug_line    0x00001d91      0x721 ./Core/Src/stm32f1xx_hal_msp.o
 .debug_line    0x000024b2      0x7bf ./Core/Src/stm32f1xx_it.o
 .debug_line    0x00002c71      0x758 ./Core/Src/system_stm32f1xx.o
 .debug_line    0x000033c9       0x78 ./Core/Startup/startup_stm32f100c6tx.o
 .debug_line    0x00003441      0x98f ./Drivers/STM32F1xx_HAL_Driver/Src/stm32f1xx_hal.o
 .debug_line    0x00003dd0      0xb7c ./Drivers/STM32F1xx_HAL_Driver/Src/stm32f1xx_hal_cortex.o
 .debug_line    0x0000494c      0xa29 ./Drivers/STM32F1xx_HAL_Driver/Src/stm32f1xx_hal_gpio.o
 .debug_line    0x00005375      0xd70 ./Drivers/STM32F1xx_HAL_Driver/Src/stm32f1xx_hal_rcc.o
 .debug_line    0x000060e5     0x3766 ./Drivers/STM32F1xx_HAL_Driver/Src/stm32f1xx_hal_tim.o
 .debug_line    0x0000984b     0x1913 ./Drivers/STM32F1xx_HAL_Driver/Src/stm32f1xx_hal_tim_ex.o

.debug_str      0x00000000    0x671f4
 .debug_str     0x00000000    0x6477e ./Core/Src/Lab1.o
                              0x64af5 (size before relaxing)
 .debug_str     0x0006477e      0x76d ./Core/Src/main.o
                              0x6524e (size before relaxing)
 .debug_str     0x00064eeb       0x96 ./Core/Src/software_timer.o
                              0x617c8 (size before relaxing)
 .debug_str     0x00064f81      0x31e ./Core/Src/stm32f1xx_hal_msp.o
                              0x61a6c (size before relaxing)
 .debug_str     0x0006529f       0xec ./Core/Src/stm32f1xx_it.o
                              0x6178a (size before relaxing)
 .debug_str     0x0006538b       0x8c ./Core/Src/system_stm32f1xx.o
                              0x61060 (size before relaxing)
 .debug_str     0x00065417       0x44 ./Core/Startup/startup_stm32f100c6tx.o
                                 0x71 (size before relaxing)
 .debug_str     0x0006545b      0x373 ./Drivers/STM32F1xx_HAL_Driver/Src/stm32f1xx_hal.o
                              0x6173f (size before relaxing)
 .debug_str     0x000657ce      0x294 ./Drivers/STM32F1xx_HAL_Driver/Src/stm32f1xx_hal_cortex.o
                              0x616a4 (size before relaxing)
 .debug_str     0x00065a62      0x2f6 ./Drivers/STM32F1xx_HAL_Driver/Src/stm32f1xx_hal_gpio.o
                              0x613d4 (size before relaxing)
 .debug_str     0x00065d58      0x229 ./Drivers/STM32F1xx_HAL_Driver/Src/stm32f1xx_hal_rcc.o
                              0x6145e (size before relaxing)
 .debug_str     0x00065f81      0xde0 ./Drivers/STM32F1xx_HAL_Driver/Src/stm32f1xx_hal_tim.o
                              0x62479 (size before relaxing)
 .debug_str     0x00066d61      0x493 ./Drivers/STM32F1xx_HAL_Driver/Src/stm32f1xx_hal_tim_ex.o
                              0x61c85 (size before relaxing)

.comment        0x00000000       0x43
 .comment       0x00000000       0x43 ./Core/Src/Lab1.o
                                 0x44 (size before relaxing)
 .comment       0x00000043       0x44 ./Core/Src/main.o
 .comment       0x00000043       0x44 ./Core/Src/software_timer.o
 .comment       0x00000043       0x44 ./Core/Src/stm32f1xx_hal_msp.o
 .comment       0x00000043       0x44 ./Core/Src/stm32f1xx_it.o
 .comment       0x00000043       0x44 ./Core/Src/system_stm32f1xx.o
 .comment       0x00000043       0x44 ./Drivers/STM32F1xx_HAL_Driver/Src/stm32f1xx_hal.o
 .comment       0x00000043       0x44 ./Drivers/STM32F1xx_HAL_Driver/Src/stm32f1xx_hal_cortex.o
 .comment       0x00000043       0x44 ./Drivers/STM32F1xx_HAL_Driver/Src/stm32f1xx_hal_gpio.o
 .comment       0x00000043       0x44 ./Drivers/STM32F1xx_HAL_Driver/Src/stm32f1xx_hal_rcc.o
 .comment       0x00000043       0x44 ./Drivers/STM32F1xx_HAL_Driver/Src/stm32f1xx_hal_tim.o
 .comment       0x00000043       0x44 ./Drivers/STM32F1xx_HAL_Driver/Src/stm32f1xx_hal_tim_ex.o

.debug_frame    0x00000000     0x270c
 .debug_frame   0x00000000       0xc8 ./Core/Src/Lab1.o
 .debug_frame   0x000000c8       0xb0 ./Core/Src/main.o
 .debug_frame   0x00000178       0xa0 ./Core/Src/software_timer.o
 .debug_frame   0x00000218       0x80 ./Core/Src/stm32f1xx_hal_msp.o
 .debug_frame   0x00000298      0x120 ./Core/Src/stm32f1xx_it.o
 .debug_frame   0x000003b8       0x58 ./Core/Src/system_stm32f1xx.o
 .debug_frame   0x00000410      0x334 ./Drivers/STM32F1xx_HAL_Driver/Src/stm32f1xx_hal.o
 .debug_frame   0x00000744      0x428 ./Drivers/STM32F1xx_HAL_Driver/Src/stm32f1xx_hal_cortex.o
 .debug_frame   0x00000b6c      0x14c ./Drivers/STM32F1xx_HAL_Driver/Src/stm32f1xx_hal_gpio.o
 .debug_frame   0x00000cb8      0x218 ./Drivers/STM32F1xx_HAL_Driver/Src/stm32f1xx_hal_rcc.o
 .debug_frame   0x00000ed0     0x11b8 ./Drivers/STM32F1xx_HAL_Driver/Src/stm32f1xx_hal_tim.o
 .debug_frame   0x00002088      0x638 ./Drivers/STM32F1xx_HAL_Driver/Src/stm32f1xx_hal_tim_ex.o
 .debug_frame   0x000026c0       0x20 E:/stm32cubeide/STM32CubeIDE_1.16.0/STM32CubeIDE/plugins/com.st.stm32cube.ide.mcu.externaltools.gnu-tools-for-stm32.12.3.rel1.win32_1.0.200.202406191623/tools/bin/../lib/gcc/arm-none-eabi/12.3.1/../../../../arm-none-eabi/lib/thumb/v7-m/nofp\libc_nano.a(libc_a-memset.o)
 .debug_frame   0x000026e0       0x2c E:/stm32cubeide/STM32CubeIDE_1.16.0/STM32CubeIDE/plugins/com.st.stm32cube.ide.mcu.externaltools.gnu-tools-for-stm32.12.3.rel1.win32_1.0.200.202406191623/tools/bin/../lib/gcc/arm-none-eabi/12.3.1/../../../../arm-none-eabi/lib/thumb/v7-m/nofp\libc_nano.a(libc_a-init.o)

.debug_line_str
                0x00000000       0x55
 .debug_line_str
                0x00000000       0x55 ./Core/Startup/startup_stm32f100c6tx.o
